15:33:45.085 [TRACE] === Trace session started ===  PID=722360
15:33:45.086 [TRACE] >>> CLIInterface.view_active(show_tags=False, show_comments=False)
15:33:45.086 [TRACE] >>> StagingService.check_and_sync(timeout_ms=500)
15:33:45.086 [TRACE] >>> RemoteStagingSync.pull()
15:33:45.086 [TRACE] >>> GitStagingTransport._git( 'rebase', '--abort')
15:33:45.097 [TRACE] <<< GitStagingTransport._git  (11.1 ms)  → ''
15:33:45.097 [TRACE] >>> GitStagingTransport._git( 'ls-remote', '--heads', 'origin')
15:33:46.758 [TRACE] <<< GitStagingTransport._git  (1660.5 ms)  → 'b44f11b7af62d9db73543c84d6c39034947373c6\trefs/heads/main'
15:33:46.758 [TRACE] >>> GitStagingTransport._git( 'symbolic-ref', '-q', 'HEAD')
15:33:46.761 [TRACE] <<< GitStagingTransport._git  (3.3 ms)  → 'refs/heads/main'
15:33:46.762 [TRACE] >>> GitStagingTransport._git( 'pull', '--rebase', '--autostash')
15:33:48.790 [TRACE] <<< GitStagingTransport._git  (2028.2 ms)  ✗ RuntimeError: Git command failed (exit 1): git pull --rebase --autostash
From github.com:wacevedo76/phpoc-staging
   9973cfe..b44f11b  main       -> origin/main
Rebasing (1/1)
error: could not apply a2a4c40... Update staging blob [staging/blobs/current.json]
hint: Resolve all conflicts manually, mark them as resolved with
hint: "git add/rm <conflicted_files>", then run "git rebase --continue".
hint: You can instead skip this commit: run "git rebase --skip".
hint: To abort and get back to the state before "git rebase", run "git rebase --abort".
hint: Disable this message with "git config advice.mergeConflict false"
Could not apply a2a4c40... Update staging blob [staging/blobs/current.json]
15:33:48.790 [TRACE] <<< RemoteStagingSync.pull  (3704.7 ms)  → None
15:33:48.791 [TRACE] <<< StagingService.check_and_sync  (3704.8 ms)  → <SyncCheckResult.READY: 'ready'>
15:33:48.791 [TRACE] <<< CLIInterface.view_active  (3705.2 ms)  → None
