14:41:33.394 [TRACE] === Trace session started ===  PID=533080
14:41:33.395 [TRACE] >>> CLIInterface.view_active(show_tags=False, show_comments=False)
14:41:33.395 [TRACE] >>> StagingService.check_and_sync(timeout_ms=500)
14:41:33.395 [TRACE] >>> RemoteStagingSync.pull()
14:41:33.395 [TRACE] >>> GitStagingTransport._git( 'rebase', '--abort')
14:41:33.402 [TRACE] <<< GitStagingTransport._git  (7.1 ms)  → ''
14:41:33.402 [TRACE] >>> GitStagingTransport._git( 'ls-remote', '--heads', 'origin')
14:41:35.082 [TRACE] <<< GitStagingTransport._git  (1679.8 ms)  → '9973cfec46b7b0f400541458ac6b86a5ed794917\trefs/heads/main'
14:41:35.082 [TRACE] >>> GitStagingTransport._git( 'symbolic-ref', '-q', 'HEAD')
14:41:35.084 [TRACE] <<< GitStagingTransport._git  (2.0 ms)  → 'refs/heads/main'
14:41:35.084 [TRACE] >>> GitStagingTransport._git( 'pull', '--rebase', '--autostash')
14:41:36.867 [TRACE] <<< GitStagingTransport._git  (1782.9 ms)  ✗ RuntimeError: Git command failed (exit 1): git pull --rebase --autostash
Rebasing (1/1)
error: could not apply a2a4c40... Update staging blob [staging/blobs/current.json]
hint: Resolve all conflicts manually, mark them as resolved with
hint: "git add/rm <conflicted_files>", then run "git rebase --continue".
hint: You can instead skip this commit: run "git rebase --skip".
hint: To abort and get back to the state before "git rebase", run "git rebase --abort".
hint: Disable this message with "git config advice.mergeConflict false"
Could not apply a2a4c40... Update staging blob [staging/blobs/current.json]
14:41:36.868 [TRACE] <<< RemoteStagingSync.pull  (3473.5 ms)  → None
14:41:36.868 [TRACE] <<< StagingService.check_and_sync  (3473.6 ms)  → <SyncCheckResult.READY: 'ready'>
14:41:36.869 [TRACE] <<< CLIInterface.view_active  (3473.9 ms)  → None
